
> skill-frontend@0.1.0 build
> vite build

[36mvite v5.4.21 [32mbuilding for production...[36m[39m
transforming...
[32mΓ£ô[39m 5 modules transformed.
node.exe : [31mx[39m 
Build failed in 688ms
At C:\Program 
Files\nodejs\npm.ps1:29 
char:3
+   & $NODE_EXE 
$NPM_CLI_JS $args
+   ~~~~~~~~~~~~~~~~~~~~~~
~~~~~~~
    + CategoryInfo        
      : NotSpecified: (  
  [31mx[39m Build fail   
 ed in 688ms:String) [    
], RemoteException
    + FullyQualifiedError 
   Id : NativeCommandErr  
  or
 
[31merror during build:
[31m[vite:css] [postcss] 
It looks like you're 
trying to use 
`tailwindcss` directly as 
a PostCSS plugin. The 
PostCSS plugin has moved 
to a separate package, so 
to continue using 
Tailwind CSS with PostCSS 
you'll need to install 
`@tailwindcss/postcss` 
and update your PostCSS 
configuration.[31m
file: [36mC:/Users/rrviv/
OneDrive/Desktop/SKILL/fro
ntend/src/index.css:undefi
ned:NaN[31m
    at at (C:\Users\rrviv\
OneDrive\Desktop\SKILL\fro
ntend\node_modules\tailwin
dcss\dist\lib.js:38:1643)
    at 
LazyResult.runOnRoot (C:\U
sers\rrviv\OneDrive\Deskto
p\SKILL\frontend\node_modu
les\postcss\lib\lazy-resul
t.js:361:16)
    at 
LazyResult.runAsync (C:\Us
ers\rrviv\OneDrive\Desktop
\SKILL\frontend\node_modul
es\postcss\lib\lazy-result
.js:290:26)
    at async compileCSS (f
ile:///C:/Users/rrviv/OneD
rive/Desktop/SKILL/fronten
d/node_modules/vite/dist/n
ode/chunks/dep-BK3b2jBa.js
:36898:21)
    at async 
Object.transform (file:///
C:/Users/rrviv/OneDrive/De
sktop/SKILL/frontend/node_
modules/vite/dist/node/chu
nks/dep-BK3b2jBa.js:36171:
11)
    at async transform (fi
le:///C:/Users/rrviv/OneDr
ive/Desktop/SKILL/frontend
/node_modules/rollup/dist/
es/shared/node-entry.js:19
581:16)
    at async ModuleLoader.
addModuleSource (file:///C
:/Users/rrviv/OneDrive/Des
ktop/SKILL/frontend/node_m
odules/rollup/dist/es/shar
ed/node-entry.js:19797:36)
[39m
